--- Testing Supabase Connection ---
URL: https://jdplqymcbgzexmnayiyi.supabase.co
Γ¥î Error selecting from routes table: TypeError: fetch failed
Error Code: 
Error Details: TypeError: fetch failed

Caused by: Error: self-signed certificate in certificate chain (SELF_SIGNED_CERT_IN_CHAIN)
Error: self-signed certificate in certificate chain
    at TLSSocket.onConnectSecure (node:_tls_wrap:1679:34)
    at TLSSocket.emit (node:events:518:28)
    at TLSSocket._finishInit (node:_tls_wrap:1078:8)
    at ssl.onhandshakedone (node:_tls_wrap:864:12)
Error Hint: 

Γ¥î Error selecting from buses table: TypeError: fetch failed
--- Attempting Test Insert into routes ---
Γ¥î Test Insert Failed: TypeError: fetch failed
Error Code: 
Error Details: TypeError: fetch failed

Caused by: Error: self-signed certificate in certificate chain (SELF_SIGNED_CERT_IN_CHAIN)
Error: self-signed certificate in certificate chain
    at TLSSocket.onConnectSecure (node:_tls_wrap:1679:34)
    at TLSSocket.emit (node:events:518:28)
    at TLSSocket._finishInit (node:_tls_wrap:1078:8)
    at ssl.onhandshakedone (node:_tls_wrap:864:12)
